// Jest Snapshot v1, https://goo.gl/fbAQLP

exports[`Snapshot test 1`] = `
.c0 {
  box-shadow: 0px 2px 6px 0px rgb(50 50 93 / 8%), 0px 0px 0px 1px rgb(50 50 93 / 5%);
  position: relative;
  -webkit-transition: all 0.15s;
  -webkit-transition: all 0.15s;
  transition: all 0.15s;
  background: #ffffff;
  border-radius: 8px;
  padding: 20px 40px;
  margin: 0 auto;
  max-width: 800px;
}

<div>
  <div
    class="c0"
  >
    This is a card
  </div>
</div>
`;
