// Jest Snapshot v1, https://goo.gl/fbAQLP

exports[`Test recipe list 1`] = `
.c0 {
  font-size: 32px;
  font-weight: 500;
  -webkit-letter-spacing: -0.5px;
  -moz-letter-spacing: -0.5px;
  -ms-letter-spacing: -0.5px;
  -webkit-letter-spacing: -0.5px;
  -moz-letter-spacing: -0.5px;
  -ms-letter-spacing: -0.5px;
  letter-spacing: -0.5px;
  line-height: 40px;
  text-align: left;
  vertical-align: baseline;
  text-transform: unset;
  color: #1d2c3c;
  margin: 20px auto;
  max-width: 850px;
}

.c1 {
  font-size: 26px;
  font-weight: 500;
  -webkit-letter-spacing: -0.5px;
  -moz-letter-spacing: -0.5px;
  -ms-letter-spacing: -0.5px;
  -webkit-letter-spacing: -0.5px;
  -moz-letter-spacing: -0.5px;
  -ms-letter-spacing: -0.5px;
  letter-spacing: -0.5px;
  line-height: 40px;
  text-align: left;
  vertical-align: baseline;
  text-transform: unset;
  color: #1d2c3c;
  margin: 20px auto;
  max-width: 850px;
}

.c2 {
  font-size: 18px;
  font-weight: 400;
  line-height: 24px;
  text-align: left;
  vertical-align: baseline;
  text-transform: unset;
  color: #4c5566;
  background-color: #eff2f7;
  margin: 2px 0px 2px 0px;
  padding: 10px 20px;
  display: -webkit-box;
  display: -webkit-flex;
  display: -ms-flexbox;
  display: flex;
  -webkit-align-items: center;
  -webkit-box-align: center;
  -ms-flex-align: center;
  align-items: center;
  -webkit-box-pack: justify;
  -webkit-justify-content: space-between;
  -ms-flex-pack: justify;
  justify-content: space-between;
}

.c3 {
  display: -webkit-box;
  display: -webkit-flex;
  display: -ms-flexbox;
  display: flex;
  -webkit-align-items: center;
  -webkit-box-align: center;
  -ms-flex-align: center;
  align-items: center;
  -webkit-box-pack: justify;
  -webkit-justify-content: space-between;
  -ms-flex-pack: justify;
  justify-content: space-between;
  gap: 10px;
}

.c3 * {
  width: 100%;
}

.c4.c4 {
  display: block;
  -webkit-text-decoration: none;
  text-decoration: none;
  width: 100%;
  margin: 20px auto;
  cursor: pointer;
  font-size: 16px;
  font-weight: 500;
  line-height: 18px;
  -webkit-user-select: none;
  -moz-user-select: none;
  -ms-user-select: none;
  user-select: none;
  color: #fff;
  border-radius: 8px;
  background: #003097;
  border: 1px solid #003097;
  padding: 19px;
  -webkit-box-pack: center;
  -webkit-justify-content: center;
  -ms-flex-pack: center;
  justify-content: center;
  -webkit-align-items: center;
  -webkit-box-align: center;
  -ms-flex-align: center;
  align-items: center;
  text-align: center;
  -webkit-transition: all 0.175s ease-in-out;
  transition: all 0.175s ease-in-out;
}

.c4.c4:hover {
  background-color: #144fcc;
  border: 1px solid #144fcc;
}

<div>
  <h2
    class="c0"
  >
    Paella
  </h2>
  <h3
    class="c1"
  >
    Ingredients
  </h3>
  <div
    class="c2"
  >
    Rice
  </div>
  <div
    class="c2"
  >
    Prawns
  </div>
  <div
    class="c2"
  >
    Paprika
  </div>
  <div
    class="c2"
  >
    Tomatoes
  </div>
  <div
    class="c3"
  >
    <a
      href="/recipes/edit/5"
    >
      <button
        class="c4"
      >
        Edit recipe
      </button>
    </a>
    <a
      href="/recipes/delete/5"
    >
      <button
        class="c4"
      >
        Delete recipe
      </button>
    </a>
  </div>
</div>
`;
